[www.ccs.neu.edu/home/kenb/db/topics.html]
[www.ccs.neu.edu/home/kenb/db/examples.html]
[backblue.gif]
[fade.gif]
[index.html]
[www.ccs.neu.edu/home/kenb/db/examples/044.html]
[www.ccs.neu.edu/home/kenb/db/examples/045.txt]
[www.ccs.neu.edu/home/kenb/db/examples/056.html]
[www.ccs.neu.edu/home/kenb/db/examples/src/100.zargo]
[www.ccs.neu.edu/home/kenb/db/examples/137.html]
[www.ccs.neu.edu/home/kenb/db/examples/262.html]
[www.ccs.neu.edu/home/kenb/db/examples/270.html]
[www.ccs.neu.edu/home/kenb/db/examples/284.html]
[www.ccs.neu.edu/home/kenb/db/examples/005.html]
[www.ccs.neu.edu/home/kenb/db/examples/014.html]
[www.ccs.neu.edu/home/kenb/db/examples/015.html]
[www.ccs.neu.edu/home/kenb/db/examples/043.html]
[www.ccs.neu.edu/home/kenb/db/examples/048.html]
[www.ccs.neu.edu/home/kenb/db/examples/090.html]
[www.ccs.neu.edu/home/kenb/db/examples/103.html]
[www.ccs.neu.edu/home/kenb/db/examples/104.html]
[www.ccs.neu.edu/home/kenb/db/examples/106.html]
[www.ccs.neu.edu/home/kenb/db/examples/110.html]
[www.ccs.neu.edu/home/kenb/db/examples/121.html]
[www.ccs.neu.edu/home/kenb/db/examples/122.html]
[www.ccs.neu.edu/home/kenb/db/examples/149.html]
[www.ccs.neu.edu/home/kenb/db/examples/159.html]
[www.ccs.neu.edu/home/kenb/db/examples/162.html]
[www.ccs.neu.edu/home/kenb/db/examples/182.html]
[www.ccs.neu.edu/home/kenb/db/examples/183.html]
[www.ccs.neu.edu/home/kenb/db/examples/012.html]
[www.ccs.neu.edu/home/kenb/db/examples/016.html]
[www.ccs.neu.edu/home/kenb/db/examples/017.html]
[www.ccs.neu.edu/home/kenb/db/examples/049.html]
[www.ccs.neu.edu/home/kenb/db/examples/116.html]
[www.ccs.neu.edu/home/kenb/db/examples/124.html]
[www.ccs.neu.edu/home/kenb/db/examples/289.html]
[www.ccs.neu.edu/home/kenb/db/examples/010.html]
[www.ccs.neu.edu/home/kenb/db/examples/051.html]
[www.ccs.neu.edu/home/kenb/db/examples/113.html]
[www.ccs.neu.edu/home/kenb/db/examples/114.html]
[www.ccs.neu.edu/home/kenb/db/examples/018.html]
[www.ccs.neu.edu/home/kenb/db/examples/019.html]
[www.ccs.neu.edu/home/kenb/db/examples/052.html]
[www.ccs.neu.edu/home/kenb/db/examples/088.html]
[www.ccs.neu.edu/home/kenb/db/examples/089.html]
[www.ccs.neu.edu/home/kenb/db/examples/099.html]
[www.ccs.neu.edu/home/kenb/db/examples/src/118.pdf]
[www.ccs.neu.edu/home/kenb/db/examples/125.html]
[www.ccs.neu.edu/home/kenb/db/examples/126.html]
[www.ccs.neu.edu/home/kenb/db/examples/165.html]
[www.ccs.neu.edu/home/kenb/db/examples/166.html]
[www.ccs.neu.edu/home/kenb/db/examples/167.html]
[www.ccs.neu.edu/home/kenb/db/examples/168.html]
[www.ccs.neu.edu/home/kenb/db/examples/177.html]
[www.ccs.neu.edu/home/kenb/db/examples/256.html]
[www.ccs.neu.edu/home/kenb/db/examples/280.html]
[www.ccs.neu.edu/home/kenb/db/examples/013.html]
[www.ccs.neu.edu/home/kenb/db/examples/120.html]
[www.ccs.neu.edu/home/kenb/db/examples/154.html]
[www.ccs.neu.edu/home/kenb/db/examples/179.html]
[www.ccs.neu.edu/home/kenb/db/examples/181.html]
[www.ccs.neu.edu/home/kenb/db/examples/src/soln.sql]
[www.ccs.neu.edu/home/kenb/db/examples/261.html]
[www.ccs.neu.edu/home/kenb/db/examples/007.html]
[www.ccs.neu.edu/home/kenb/db/examples/031.html]
[www.ccs.neu.edu/home/kenb/db/examples/032.html]
[www.ccs.neu.edu/home/kenb/db/examples/097.html]
[www.ccs.neu.edu/home/kenb/db/examples/101.html]
[www.ccs.neu.edu/home/kenb/db/examples/112.html]
[www.ccs.neu.edu/home/kenb/db/examples/145.html]
[www.ccs.neu.edu/home/kenb/db/examples/146.html]
[www.ccs.neu.edu/home/kenb/db/examples/180.html]
[www.ccs.neu.edu/home/kenb/db/examples/263.html]
[www.ccs.neu.edu/home/kenb/db/examples/020.html]
[www.ccs.neu.edu/home/kenb/db/examples/021.html]
[www.ccs.neu.edu/home/kenb/db/examples/037.html]
[www.ccs.neu.edu/home/kenb/db/examples/127.html]
[www.ccs.neu.edu/home/kenb/db/examples/283.html]
[www.ccs.neu.edu/home/kenb/db/examples/src/140.zip]
[www.ccs.neu.edu/home/kenb/db/examples/023.html]
[www.ccs.neu.edu/home/kenb/db/examples/129.html]
[www.ccs.neu.edu/home/kenb/db/examples/src/141.zip]
[www.ccs.neu.edu/home/kenb/db/examples/148.html]
[www.ccs.neu.edu/home/kenb/db/examples/src/258.zip]
[www.ccs.neu.edu/home/kenb/db/examples/275.html]
[www.ccs.neu.edu/home/kenb/db/examples/src/282.zip]
[www.ccs.neu.edu/home/kenb/db/examples/260.html]
[www.ccs.neu.edu/home/kenb/db/examples/111.html]
[www.ccs.neu.edu/home/kenb/db/examples/src/027.pdf]
[www.ccs.neu.edu/home/kenb/db/examples/028.html]
[www.ccs.neu.edu/home/kenb/db/examples/119.html]
[www.ccs.neu.edu/home/kenb/db/examples/291.html]
[www.ccs.neu.edu/home/kenb/db/examples/011.html]
[www.ccs.neu.edu/home/kenb/db/examples/src/024.pdf]
[www.ccs.neu.edu/home/kenb/db/examples/025.html]
[www.ccs.neu.edu/home/kenb/db/examples/026.html]
[www.ccs.neu.edu/home/kenb/db/examples/src/042.pdf]
[www.ccs.neu.edu/home/kenb/db/examples/053.html]
[www.ccs.neu.edu/home/kenb/db/examples/058.html]
[www.ccs.neu.edu/home/kenb/db/examples/091.html]
[www.ccs.neu.edu/home/kenb/db/examples/092.html]
[www.ccs.neu.edu/home/kenb/db/examples/117.html]
[www.ccs.neu.edu/home/kenb/db/examples/130.html]
[www.ccs.neu.edu/home/kenb/db/examples/src/131.pdf]
[www.ccs.neu.edu/home/kenb/db/examples/160.html]
[www.ccs.neu.edu/home/kenb/db/examples/171.html]
[www.ccs.neu.edu/home/kenb/db/examples/172.html]
[www.ccs.neu.edu/home/kenb/db/examples/173.html]
[www.ccs.neu.edu/home/kenb/db/examples/174.html]
[www.ccs.neu.edu/home/kenb/db/examples/175.html]
[www.ccs.neu.edu/home/kenb/db/examples/176.html]
[www.ccs.neu.edu/home/kenb/db/examples/132.html]
[www.ccs.neu.edu/home/kenb/db/examples/src/133.pdf]
[www.ccs.neu.edu/home/kenb/db/examples/178.html]
[www.ccs.neu.edu/home/kenb/db/examples/264.html]
[www.ccs.neu.edu/home/kenb/db/examples/src/query1.xsl]
[www.ccs.neu.edu/home/kenb/db/examples/src/query2.xsl]
[www.ccs.neu.edu/home/kenb/db/examples/292.html]
[www.ccs.neu.edu/home/kenb/db/examples/257.html]
[www.ccs.neu.edu/home/kenb/db/examples/029.html]
[www.ccs.neu.edu/home/kenb/db/examples/030.html]
[www.ccs.neu.edu/home/kenb/db/examples/039.html]
[www.ccs.neu.edu/home/kenb/db/examples/040.html]
[www.ccs.neu.edu/home/kenb/db/examples/041.html]
[www.ccs.neu.edu/home/kenb/db/examples/055.html]
[www.ccs.neu.edu/home/kenb/db/examples/093.html]
[www.ccs.neu.edu/home/kenb/db/examples/102.html]
[www.ccs.neu.edu/home/kenb/db/examples/109.html]
[www.ccs.neu.edu/home/kenb/db/examples/115.html]
[www.ccs.neu.edu/home/kenb/db/examples/src/184.pdf]
[www.ccs.neu.edu/home/kenb/db/examples/273.html]
[www.ccs.neu.edu/home/kenb/db/examples/004.html]
[www.ccs.neu.edu/home/kenb/db/examples/008.txt]
[www.ccs.neu.edu/home/kenb/db/examples/047.html]
[www.ccs.neu.edu/home/kenb/db/examples/057.html]
[www.ccs.neu.edu/home/kenb/db/examples/059.html]
[www.ccs.neu.edu/home/kenb/db/examples/063.html]
[www.ccs.neu.edu/home/kenb/db/examples/064.html]
[www.ccs.neu.edu/home/kenb/db/examples/065.html]
[www.ccs.neu.edu/home/kenb/db/examples/066.html]
[www.ccs.neu.edu/home/kenb/db/examples/067.html]
[www.ccs.neu.edu/home/kenb/db/examples/068.html]
[www.ccs.neu.edu/home/kenb/db/examples/069.html]
[www.ccs.neu.edu/home/kenb/db/examples/070.html]
[www.ccs.neu.edu/home/kenb/db/examples/071.html]
[www.ccs.neu.edu/home/kenb/db/examples/072.html]
[www.ccs.neu.edu/home/kenb/db/examples/073.html]
[www.ccs.neu.edu/home/kenb/db/examples/074.html]
[www.ccs.neu.edu/home/kenb/db/examples/075.html]
[www.ccs.neu.edu/home/kenb/db/examples/076.html]
[www.ccs.neu.edu/home/kenb/db/examples/077.html]
[www.ccs.neu.edu/home/kenb/db/examples/078.html]
[www.ccs.neu.edu/home/kenb/db/examples/079.html]
[www.ccs.neu.edu/home/kenb/db/examples/009.txt]
[www.ccs.neu.edu/home/kenb/db/examples/080.html]
[www.ccs.neu.edu/home/kenb/db/examples/081.html]
[www.ccs.neu.edu/home/kenb/db/examples/082.html]
[www.ccs.neu.edu/home/kenb/db/examples/083.html]
[www.ccs.neu.edu/home/kenb/db/examples/084.html]
[www.ccs.neu.edu/home/kenb/db/examples/134.html]
[www.ccs.neu.edu/home/kenb/db/examples/src/link.dat]
[www.ccs.neu.edu/home/kenb/db/topics.html]
[www.ccs.neu.edu/home/kenb/db/examples.html]
[www.ccs.neu.edu/home/kenb/db/examples/044.html]
[www.ccs.neu.edu/home/kenb/db/examples/images/229.jpg]
[www.ccs.neu.edu/home/kenb/db/examples/046.txt]
[www.ccs.neu.edu/home/kenb/db/examples/056.html]
[www.ccs.neu.edu/home/kenb/db/examples/images/220.gif]
[www.ccs.neu.edu/home/kenb/db/examples/images/221.gif]
[www.ccs.neu.edu/home/kenb/db/examples/images/222.gif]
[www.ccs.neu.edu/home/kenb/db/examples/137.html]
[www.ccs.neu.edu/home/kenb/db/examples/images/266.gif]
[www.ccs.neu.edu/home/kenb/db/examples/images/267.gif]
[www.ccs.neu.edu/home/kenb/db/examples/262.html]
[www.ccs.neu.edu/home/kenb/db/examples/images/271.jpg]
[www.ccs.neu.edu/home/kenb/db/examples/images/272.jpg]
[www.ccs.neu.edu/home/kenb/db/examples/270.html]
[www.ccs.neu.edu/home/kenb/db/examples/images/286.jpg]
[www.ccs.neu.edu/home/kenb/db/examples/images/285.jpg]
[www.ccs.neu.edu/home/kenb/db/examples/images/287.jpg]
[www.ccs.neu.edu/home/kenb/db/examples/images/288.jpg]
[www.ccs.neu.edu/home/kenb/db/examples/284.html]
[www.ccs.neu.edu/home/kenb/db/examples/005.html]
[www.ccs.neu.edu/home/kenb/db/examples/014.html]
[www.ccs.neu.edu/home/kenb/db/examples/images/235.gif]
[www.ccs.neu.edu/home/kenb/db/examples/images/236.gif]
[www.ccs.neu.edu/home/kenb/db/examples/015.html]
[www.ccs.neu.edu/home/kenb/db/examples/images/225.gif]
[www.ccs.neu.edu/home/kenb/db/examples/images/226.jpg]
[www.ccs.neu.edu/home/kenb/db/examples/043.html]
[www.ccs.neu.edu/home/kenb/db/examples/048.html]
[www.ccs.neu.edu/home/kenb/db/examples/images/231.jpg]
[www.ccs.neu.edu/home/kenb/db/examples/090.html]
[www.ccs.neu.edu/home/kenb/db/examples/images/224.gif]
[www.ccs.neu.edu/home/kenb/db/examples/103.html]
[www.ccs.neu.edu/home/kenb/db/examples/104.html]
[www.ccs.neu.edu/home/kenb/db/examples/106.html]
[www.ccs.neu.edu/home/kenb/db/examples/images/244.gif]
[www.ccs.neu.edu/home/kenb/db/examples/images/245.gif]
[www.ccs.neu.edu/home/kenb/db/examples/images/246.gif]
[www.ccs.neu.edu/home/kenb/db/examples/110.html]
[www.ccs.neu.edu/home/kenb/db/examples/121.html]
[www.ccs.neu.edu/home/kenb/db/examples/images/123.jpg]
[www.ccs.neu.edu/home/kenb/db/examples/122.html]
[www.ccs.neu.edu/home/kenb/db/examples/images/215.jpg]
[www.ccs.neu.edu/home/kenb/db/examples/149.html]
[www.ccs.neu.edu/home/kenb/db/examples/images/251.gif]
[www.ccs.neu.edu/home/kenb/db/examples/images/252.gif]
[www.ccs.neu.edu/home/kenb/db/examples/159.html]
[www.ccs.neu.edu/home/kenb/db/examples/images/240.jpg]
[www.ccs.neu.edu/home/kenb/db/examples/162.html]
[www.ccs.neu.edu/home/kenb/db/examples/images/233.gif]
[www.ccs.neu.edu/home/kenb/db/examples/images/232.gif]
[www.ccs.neu.edu/home/kenb/db/examples/182.html]
[www.ccs.neu.edu/home/kenb/db/examples/183.html]
[www.ccs.neu.edu/home/kenb/db/examples/images/250.jpg]
[www.ccs.neu.edu/home/kenb/db/examples/012.html]
[www.ccs.neu.edu/home/kenb/db/examples/images/248.gif]
[www.ccs.neu.edu/home/kenb/db/examples/016.html]
[www.ccs.neu.edu/home/kenb/db/examples/017.html]
[www.ccs.neu.edu/home/kenb/db/examples/049.html]
[www.ccs.neu.edu/home/kenb/db/examples/images/234.png]
[www.ccs.neu.edu/home/kenb/db/examples/116.html]
[www.ccs.neu.edu/home/kenb/db/examples/images/218.gif]
[www.ccs.neu.edu/home/kenb/db/examples/124.html]
[www.ccs.neu.edu/home/kenb/db/examples/images/290.jpg]
[www.ccs.neu.edu/home/kenb/db/examples/289.html]
[www.ccs.neu.edu/home/kenb/db/examples/010.html]
[www.ccs.neu.edu/home/kenb/db/examples/3.html3.html]
[www.ccs.neu.edu/home/kenb/db/examples/051.html]
[www.ccs.neu.edu/home/kenb/db/examples/113.html]
[www.ccs.neu.edu/home/kenb/db/examples/114.html]
[www.ccs.neu.edu/home/kenb/db/examples/018.html]
[www.ccs.neu.edu/home/kenb/db/examples/019.html]
[www.ccs.neu.edu/home/kenb/db/examples/052.html]
[www.ccs.neu.edu/home/kenb/db/examples/088.html]
[www.ccs.neu.edu/home/kenb/db/examples/images/098.gif]
[www.ccs.neu.edu/home/kenb/db/examples/089.html]
[www.ccs.neu.edu/home/kenb/db/examples/099.html]
[www.ccs.neu.edu/home/kenb/db/examples/125.html]
[www.ccs.neu.edu/home/kenb/db/examples/126.html]
[www.ccs.neu.edu/home/kenb/db/examples/165.html]
[www.ccs.neu.edu/home/kenb/db/examples/images/213.jpg]
[www.ccs.neu.edu/home/kenb/db/examples/166.html]
[www.ccs.neu.edu/home/kenb/db/examples/167.html]
[www.ccs.neu.edu/home/kenb/db/examples/168.html]
[www.ccs.neu.edu/home/kenb/db/examples/177.html]
[www.ccs.neu.edu/home/kenb/db/examples/256.html]
[www.ccs.neu.edu/home/kenb/db/examples/280.html]
[www.ccs.neu.edu/home/kenb/db/examples/013.html]
[www.ccs.neu.edu/home/kenb/db/examples/120.html]
[www.ccs.neu.edu/home/kenb/db/examples/images/187.gif]
[www.ccs.neu.edu/home/kenb/db/examples/images/186.gif]
[www.ccs.neu.edu/home/kenb/db/examples/154.html]
[www.ccs.neu.edu/home/kenb/db/examples/images/216.gif]
[www.ccs.neu.edu/home/kenb/db/examples/179.html]
[www.ccs.neu.edu/home/kenb/db/examples/images/241.gif]
[www.ccs.neu.edu/home/kenb/db/examples/181.html]
[www.ccs.neu.edu/home/kenb/db/examples/261.html]
[www.ccs.neu.edu/home/kenb/db/examples/007.html]
[www.ccs.neu.edu/home/kenb/db/examples/031.html]
[www.ccs.neu.edu/home/kenb/db/examples/032.html]
[www.ccs.neu.edu/home/kenb/db/examples/097.html]
[www.ccs.neu.edu/home/kenb/db/examples/101.html]
[www.ccs.neu.edu/home/kenb/db/examples/112.html]
[www.ccs.neu.edu/home/kenb/db/examples/145.html]
[www.ccs.neu.edu/home/kenb/db/examples/146.html]
[www.ccs.neu.edu/home/kenb/db/examples/180.html]
[www.ccs.neu.edu/home/kenb/db/examples/263.html]
[www.ccs.neu.edu/home/kenb/db/examples/020.html]
[www.ccs.neu.edu/home/kenb/db/examples/src/Solution5.java]
[www.ccs.neu.edu/home/kenb/db/examples/021.html]
[www.ccs.neu.edu/home/kenb/db/examples/037.html]
[www.ccs.neu.edu/home/kenb/db/examples/127.html]
[www.ccs.neu.edu/home/kenb/db/examples/283.html]
[www.ccs.neu.edu/home/kenb/db/examples/023.html]
[www.ccs.neu.edu/home/kenb/db/examples/129.html]
[www.ccs.neu.edu/home/kenb/db/examples/src/Apartment.java]
[www.ccs.neu.edu/home/kenb/db/examples/src/Building.java]
[www.ccs.neu.edu/home/kenb/db/examples/src/Person.java]
[www.ccs.neu.edu/home/kenb/db/examples/src/Room.java]
[www.ccs.neu.edu/home/kenb/db/examples/src/RoomType.java]
[www.ccs.neu.edu/home/kenb/db/examples/148.html]
[www.ccs.neu.edu/home/kenb/db/examples/src/City.java]
[www.ccs.neu.edu/home/kenb/db/examples/src/Province.java]
[www.ccs.neu.edu/home/kenb/db/examples/src/Location.java]
[www.ccs.neu.edu/home/kenb/db/examples/src/Locater.java]
[www.ccs.neu.edu/home/kenb/db/examples/275.html]
[www.ccs.neu.edu/home/kenb/db/examples/260.html]
[www.ccs.neu.edu/home/kenb/db/examples/111.html]
[www.ccs.neu.edu/home/kenb/db/examples/028.html]
[www.ccs.neu.edu/home/kenb/db/examples/119.html]
[www.ccs.neu.edu/home/kenb/db/examples/291.html]
[www.ccs.neu.edu/home/kenb/db/examples/011.html]
[www.ccs.neu.edu/home/kenb/db/examples/025.html]
[www.ccs.neu.edu/home/kenb/db/examples/026.html]
[www.ccs.neu.edu/home/kenb/db/examples/053.html]
[www.ccs.neu.edu/home/kenb/db/examples/images/214.gif]
[www.ccs.neu.edu/home/kenb/db/examples/058.html]
[www.ccs.neu.edu/home/kenb/db/examples/091.html]
[www.ccs.neu.edu/home/kenb/db/examples/092.html]
[www.ccs.neu.edu/home/kenb/db/examples/images/219.gif]
[www.ccs.neu.edu/home/kenb/db/examples/117.html]
[www.ccs.neu.edu/home/kenb/db/examples/130.html]
[www.ccs.neu.edu/home/kenb/db/examples/images/217.gif]
[www.ccs.neu.edu/home/kenb/db/examples/160.html]
[www.ccs.neu.edu/home/kenb/db/examples/171.html]
[www.ccs.neu.edu/home/kenb/db/examples/172.html]
[www.ccs.neu.edu/home/kenb/db/examples/173.html]
[www.ccs.neu.edu/home/kenb/db/examples/174.html]
[www.ccs.neu.edu/home/kenb/db/examples/175.html]
[www.ccs.neu.edu/home/kenb/db/examples/images/253.gif]
[www.ccs.neu.edu/home/kenb/db/examples/images/254.gif]
[www.ccs.neu.edu/home/kenb/db/examples/images/255.gif]
[www.ccs.neu.edu/home/kenb/db/examples/176.html]
[www.ccs.neu.edu/home/kenb/db/examples/132.html]
[www.ccs.neu.edu/home/kenb/db/examples/images/237.gif]
[www.ccs.neu.edu/home/kenb/db/examples/images/238.gif]
[www.ccs.neu.edu/home/kenb/db/examples/images/239.gif]
[www.ccs.neu.edu/home/kenb/db/examples/178.html]
[www.ccs.neu.edu/home/kenb/db/examples/src/Trees.java]
[www.ccs.neu.edu/home/kenb/db/examples/264.html]
[www.ccs.neu.edu/home/kenb/db/examples/292.html]
[www.ccs.neu.edu/home/kenb/db/examples/257.html]
[www.ccs.neu.edu/home/kenb/db/examples/029.html]
[www.ccs.neu.edu/home/kenb/db/examples/030.html]
[www.ccs.neu.edu/home/kenb/db/examples/039.html]
[www.ccs.neu.edu/home/kenb/db/examples/040.html]
[www.ccs.neu.edu/home/kenb/db/examples/041.html]
[www.ccs.neu.edu/home/kenb/db/examples/055.html]
[www.ccs.neu.edu/home/kenb/db/examples/093.html]
[www.ccs.neu.edu/home/kenb/db/examples/102.html]
[www.ccs.neu.edu/home/kenb/db/examples/109.html]
[www.ccs.neu.edu/home/kenb/db/examples/115.html]
[www.ccs.neu.edu/home/kenb/db/examples/images/274.png]
[www.ccs.neu.edu/home/kenb/db/examples/273.html]
[www.ccs.neu.edu/home/kenb/db/examples/004.html]
[www.ccs.neu.edu/home/kenb/db/examples/047.html]
[www.ccs.neu.edu/home/kenb/db/examples/057.html]
[www.ccs.neu.edu/home/kenb/db/examples/images/062.jpg]
[www.ccs.neu.edu/home/kenb/db/examples/images/060.jpg]
[www.ccs.neu.edu/home/kenb/db/examples/images/061.jpg]
[www.ccs.neu.edu/home/kenb/db/examples/images/193.gif]
[www.ccs.neu.edu/home/kenb/db/examples/images/194.gif]
[www.ccs.neu.edu/home/kenb/db/examples/images/195.gif]
[www.ccs.neu.edu/home/kenb/db/examples/059.html]
[www.ccs.neu.edu/home/kenb/db/examples/images/196.gif]
[www.ccs.neu.edu/home/kenb/db/examples/images/192.gif]
[www.ccs.neu.edu/home/kenb/db/examples/063.html]
[www.ccs.neu.edu/home/kenb/db/examples/images/198.gif]
[www.ccs.neu.edu/home/kenb/db/examples/064.html]
[www.ccs.neu.edu/home/kenb/db/examples/images/208.gif]
[www.ccs.neu.edu/home/kenb/db/examples/065.html]
[www.ccs.neu.edu/home/kenb/db/examples/images/200.gif]
[www.ccs.neu.edu/home/kenb/db/examples/066.html]
[www.ccs.neu.edu/home/kenb/db/examples/images/189.gif]
[www.ccs.neu.edu/home/kenb/db/examples/067.html]
[www.ccs.neu.edu/home/kenb/db/examples/images/197.gif]
[www.ccs.neu.edu/home/kenb/db/examples/068.html]
[www.ccs.neu.edu/home/kenb/db/examples/images/212.gif]
[www.ccs.neu.edu/home/kenb/db/examples/069.html]
[www.ccs.neu.edu/home/kenb/db/examples/images/207.gif]
[www.ccs.neu.edu/home/kenb/db/examples/070.html]
[www.ccs.neu.edu/home/kenb/db/examples/images/202.gif]
[www.ccs.neu.edu/home/kenb/db/examples/071.html]
[www.ccs.neu.edu/home/kenb/db/examples/images/205.gif]
[www.ccs.neu.edu/home/kenb/db/examples/072.html]
[www.ccs.neu.edu/home/kenb/db/examples/073.html]
[www.ccs.neu.edu/home/kenb/db/examples/images/203.gif]
[www.ccs.neu.edu/home/kenb/db/examples/074.html]
[www.ccs.neu.edu/home/kenb/db/examples/images/201.gif]
[www.ccs.neu.edu/home/kenb/db/examples/075.html]
[www.ccs.neu.edu/home/kenb/db/examples/images/209.gif]
[www.ccs.neu.edu/home/kenb/db/examples/076.html]
[www.ccs.neu.edu/home/kenb/db/examples/images/190.gif]
[www.ccs.neu.edu/home/kenb/db/examples/077.html]
[www.ccs.neu.edu/home/kenb/db/examples/images/191.gif]
[www.ccs.neu.edu/home/kenb/db/examples/078.html]
[www.ccs.neu.edu/home/kenb/db/examples/images/210.gif]
[www.ccs.neu.edu/home/kenb/db/examples/079.html]
[www.ccs.neu.edu/home/kenb/db/examples/images/204.gif]
[www.ccs.neu.edu/home/kenb/db/examples/080.html]
[www.ccs.neu.edu/home/kenb/db/examples/images/199.gif]
[www.ccs.neu.edu/home/kenb/db/examples/081.html]
[www.ccs.neu.edu/home/kenb/db/examples/images/206.gif]
[www.ccs.neu.edu/home/kenb/db/examples/082.html]
[www.ccs.neu.edu/home/kenb/db/examples/images/211.gif]
[www.ccs.neu.edu/home/kenb/db/examples/083.html]
[www.ccs.neu.edu/home/kenb/db/examples/084.html]
[www.ccs.neu.edu/home/kenb/db/examples/134.html]
[www.ccs.neu.edu/home/kenb/db/examples/3.html3.html]
