[www.ccs.neu.edu/home/kenb/15/fal/5200/syllabus.html]
[backblue.gif]
[fade.gif]
[index.html]
[www.ccs.neu.edu/home/kenb/15/fal/5200/disabilities.html]
[www.ccs.neu.edu/home/kenb/15/fal/5200/relational-algebra.html]
[www.ccs.neu.edu/home/kenb/15/fal/5200/honesty.odp]
[www.ccs.neu.edu/home/kenb/15/fal/5200/honesty.pdf]
[www.ccs.neu.edu/home/kenb/15/fal/5200/constraint.html]
[www.ccs.neu.edu/home/kenb/15/fal/5200/1.html]
[www.ccs.neu.edu/home/kenb/15/fal/5200/2.html]
[www.ccs.neu.edu/home/kenb/15/fal/5200/3.html]
[www.ccs.neu.edu/home/kenb/15/fal/5200/4.html]
[www.ccs.neu.edu/home/kenb/15/fal/5200/5.html]
[www.ccs.neu.edu/home/kenb/15/fal/5200/project-size-criteria.html]
[www.ccs.neu.edu/home/kenb/15/fal/5200/project-presentation-criteria.html]
[www.ccs.neu.edu/home/kenb/15/fal/5200/scale.html]
[www.ccs.neu.edu/home/kenb/15/fal/5200/syllabus.html]
[www.ccs.neu.edu/home/kenb/15/fal/5200/disabilities.html]
[www.ccs.neu.edu/home/kenb/15/fal/5200/relational-algebra.html]
[www.ccs.neu.edu/home/kenb/15/fal/5200/constraint.html]
[www.ccs.neu.edu/home/kenb/15/fal/5200/products.gif]
[www.ccs.neu.edu/home/kenb/15/fal/5200/1.html]
[www.ccs.neu.edu/home/kenb/15/fal/5200/2.html]
[www.ccs.neu.edu/home/kenb/15/fal/5200/Object.jpg]
[www.ccs.neu.edu/home/kenb/15/fal/5200/Details.jpg]
[www.ccs.neu.edu/home/kenb/15/fal/5200/Meta.jpg]
[www.ccs.neu.edu/home/kenb/15/fal/5200/products3.jpg]
[www.ccs.neu.edu/home/kenb/15/fal/5200/3.html]
[www.ccs.neu.edu/home/kenb/15/fal/5200/4.html]
[www.ccs.neu.edu/home/kenb/15/fal/5200/5.html]
[www.ccs.neu.edu/home/kenb/15/fal/5200/project-size-criteria.html]
[www.ccs.neu.edu/home/kenb/15/fal/5200/project-presentation-criteria.html]
[www.ccs.neu.edu/home/kenb/15/fal/5200/scale.html]
